// Jest Snapshot v1, https://goo.gl/fbAQLP

exports[`MenuMovieCard was rendered render <MenuMovieCard /> 1`] = `
<div
  className="menu-modal"
>
  <ul>
    <li
      onClick={[Function]}
    >
      Edit
    </li>
    <li
      onClick={[Function]}
    >
      Delete
    </li>
  </ul>
  <div
    className="close"
    onClick={[Function]}
  />
</div>
`;

exports[`MenuMovieCard was rendered render <MenuMovieCard /> 2`] = `
<div
  className="menu-modal"
>
  <ul>
    <li
      onClick={[Function]}
    >
      Edit
    </li>
    <li
      onClick={[Function]}
    >
      Delete
    </li>
  </ul>
  <div
    className="close"
    onClick={[Function]}
  />
</div>
`;
