// Jest Snapshot v1, https://goo.gl/fbAQLP

exports[`MoviesStatistic render <MoviesStatistic /> 1`] = `
<div
  className="movies-statistic"
>
  <p>
    <span>
      13
    </span>
     movies found
  </p>
</div>
`;
