// Jest Snapshot v1, https://goo.gl/fbAQLP

exports[`MoviesList render <MoviesList movies={mockedData} /> 1`] = `
<div
  className="movies-list"
>
  <article
    className="movie"
    onMouseEnter={[Function]}
    onMouseLeave={[Function]}
  >
    <a
      href="/movies/Greenmile"
      onClick={[Function]}
    >
      <div
        className="movie-img"
      >
        <img
          alt="Green mile"
          src="https://pbs.twimg.com/media/ELeJbCYXkAE18WI.jpg"
        />
      </div>
    </a>
    <div
      className="movie-info"
    >
      <p>
        Green mile
      </p>
      <p
        className="movie-info-year"
      >
        1994
      </p>
    </div>
    <p
      className="movie-genre"
    >
      Drama, Fantasy
    </p>
    <div
      className="dots-icon dots-icon-hidden"
      onClick={[Function]}
    />
  </article>
  <article
    className="movie"
    onMouseEnter={[Function]}
    onMouseLeave={[Function]}
  >
    <a
      href="/movies/ForrestGump"
      onClick={[Function]}
    >
      <div
        className="movie-img"
      >
        <img
          alt="Forrest Gump"
          src="https://pbs.twimg.com/media/EK7Tf-IXkAErCgW.jpg"
        />
      </div>
    </a>
    <div
      className="movie-info"
    >
      <p>
        Forrest Gump
      </p>
      <p
        className="movie-info-year"
      >
        1994
      </p>
    </div>
    <p
      className="movie-genre"
    >
      Comedy
    </p>
    <div
      className="dots-icon dots-icon-hidden"
      onClick={[Function]}
    />
  </article>
  <article
    className="movie"
    onMouseEnter={[Function]}
    onMouseLeave={[Function]}
  >
    <a
      href="/movies/Brother"
      onClick={[Function]}
    >
      <div
        className="movie-img"
      >
        <img
          alt="Brother"
          src="https://i10.fotocdn.net/s124/a80214fc2d561294/user_xl/2825091898.jpg"
        />
      </div>
    </a>
    <div
      className="movie-info"
    >
      <p>
        Brother
      </p>
      <p
        className="movie-info-year"
      >
        1997
      </p>
    </div>
    <p
      className="movie-genre"
    >
      Thriller
    </p>
    <div
      className="dots-icon dots-icon-hidden"
      onClick={[Function]}
    />
  </article>
</div>
`;
